apiVersion: v1
data: {}
kind: Secret
metadata:
  annotations: {}
  labels:
    app.kubernetes.io/managed-by: commodore
    app.kubernetes.io/name: group-sync-operator
    app.kubernetes.io/part-of: syn
    name: foo-keycloak
  name: foo-keycloak
  namespace: syn-group-sync-operator
stingData:
  password: bar
  username: foo
type: Opaque
---
apiVersion: v1
data: {}
kind: Secret
metadata:
  annotations: {}
  labels:
    app.kubernetes.io/managed-by: commodore
    app.kubernetes.io/name: group-sync-operator
    app.kubernetes.io/part-of: syn
    name: other-foo
  name: other-foo
  namespace: syn-group-sync-operator
stingData:
  AZURE_CLIENT_ID: foobar
  AZURE_CLIENT_SECRET: secret
  AZURE_TENANT_ID: 1a
type: Opaque
