apiVersion: v1
kind: Namespace
metadata:
  annotations: {}
  labels:
    name: syn-group-sync-operator
  name: syn-group-sync-operator
