apiVersion: rbac.authorization.k8s.io/v1
kind: ClusterRole
metadata:
  creationTimestamp: null
  labels:
    app.kubernetes.io/managed-by: commodore
    app.kubernetes.io/name: group-sync-operator
    app.kubernetes.io/part-of: syn
  name: group-sync-manager-role
  namespace: syn-group-sync-operator
rules:
  - apiGroups:
      - ''
    resources:
      - secrets
    verbs:
      - get
      - list
      - watch
  - apiGroups:
      - redhatcop.redhat.io
    resources:
      - groupsyncs
    verbs:
      - create
      - delete
      - get
      - list
      - patch
      - update
      - watch
  - apiGroups:
      - redhatcop.redhat.io
    resources:
      - groupsyncs/status
    verbs:
      - get
      - patch
      - update
  - apiGroups:
      - user.openshift.io
    resources:
      - groups
    verbs:
      - create
      - delete
      - get
      - list
      - patch
      - update
      - watch
