apiVersion: rbac.authorization.k8s.io/v1
kind: ClusterRoleBinding
metadata:
  labels:
    app.kubernetes.io/managed-by: commodore
    app.kubernetes.io/name: group-sync-operator
    app.kubernetes.io/part-of: syn
  name: group-sync-manager-rolebinding
  namespace: syn-group-sync-operator
roleRef:
  apiGroup: rbac.authorization.k8s.io
  kind: ClusterRole
  name: group-sync-manager-role
subjects:
  - kind: ServiceAccount
    name: group-sync-controller-manager
    namespace: syn-group-sync-operator
