apiVersion: operators.coreos.com/v1
kind: OperatorGroup
metadata:
  name: group-sync-operator
  namespace: syn-group-sync-operator
spec:
  targetNamespaces:
    - syn-group-sync-operator
