apiVersion: v1
kind: ServiceAccount
metadata:
  labels:
    app.kubernetes.io/managed-by: commodore
    app.kubernetes.io/name: group-sync-operator
    app.kubernetes.io/part-of: syn
  name: group-sync-controller-manager
  namespace: syn-group-sync-operator
